\unset ECHO
1..1
ok 1 - mock of some_view should return expected result should pass
